[0;32m[2025-07-27 21:29:35] INFO: Бот запущен с PID: 6645[0m
2025-07-27 21:29:35,526 - __main__ - ERROR - Неожиданная ошибка: 'Updater' object has no attribute '_Updater__polling_cleanup_cb' and no __dict__ for setting new attributes
2025-07-27 21:29:56,904 - __main__ - ERROR - Пожалуйста, установите BOT_TOKEN в переменных окружения
2025-07-27 21:30:04,254 - __main__ - ERROR - Неожиданная ошибка: 'Updater' object has no attribute '_Updater__polling_cleanup_cb' and no __dict__ for setting new attributes
2025-07-27 21:31:46,067 - __main__ - INFO - 🚀 SK English Bot is starting...
2025-07-27 21:31:46,564 - httpx - INFO - HTTP Request: POST https://api.telegram.org/bot8064275622:AAFmN3I5IKDfNxmzkWpjcYKJkVhQGhQ4geI/getMe "HTTP/1.1 200 OK"
2025-07-27 21:31:46,722 - httpx - INFO - HTTP Request: POST https://api.telegram.org/bot8064275622:AAFmN3I5IKDfNxmzkWpjcYKJkVhQGhQ4geI/deleteWebhook "HTTP/1.1 200 OK"
2025-07-27 21:31:46,722 - telegram.ext.Application - INFO - Application started
2025-07-27 21:31:47,205 - httpx - INFO - HTTP Request: POST https://api.telegram.org/bot8064275622:AAFmN3I5IKDfNxmzkWpjcYKJkVhQGhQ4geI/getUpdates "HTTP/1.1 200 OK"
2025-07-27 21:31:47,390 - httpx - INFO - HTTP Request: POST https://api.telegram.org/bot8064275622:AAFmN3I5IKDfNxmzkWpjcYKJkVhQGhQ4geI/sendMessage "HTTP/1.1 200 OK"
2025-07-27 21:31:47,566 - httpx - INFO - HTTP Request: POST https://api.telegram.org/bot8064275622:AAFmN3I5IKDfNxmzkWpjcYKJkVhQGhQ4geI/sendMessage "HTTP/1.1 200 OK"
2025-07-27 21:31:47,741 - httpx - INFO - HTTP Request: POST https://api.telegram.org/bot8064275622:AAFmN3I5IKDfNxmzkWpjcYKJkVhQGhQ4geI/sendMessage "HTTP/1.1 200 OK"
2025-07-27 21:31:47,916 - httpx - INFO - HTTP Request: POST https://api.telegram.org/bot8064275622:AAFmN3I5IKDfNxmzkWpjcYKJkVhQGhQ4geI/sendMessage "HTTP/1.1 200 OK"
2025-07-27 21:31:48,096 - httpx - INFO - HTTP Request: POST https://api.telegram.org/bot8064275622:AAFmN3I5IKDfNxmzkWpjcYKJkVhQGhQ4geI/sendMessage "HTTP/1.1 200 OK"
2025-07-27 21:31:48,271 - httpx - INFO - HTTP Request: POST https://api.telegram.org/bot8064275622:AAFmN3I5IKDfNxmzkWpjcYKJkVhQGhQ4geI/sendMessage "HTTP/1.1 200 OK"
2025-07-27 21:31:48,452 - httpx - INFO - HTTP Request: POST https://api.telegram.org/bot8064275622:AAFmN3I5IKDfNxmzkWpjcYKJkVhQGhQ4geI/sendMessage "HTTP/1.1 200 OK"
2025-07-27 21:31:48,628 - httpx - INFO - HTTP Request: POST https://api.telegram.org/bot8064275622:AAFmN3I5IKDfNxmzkWpjcYKJkVhQGhQ4geI/sendMessage "HTTP/1.1 200 OK"
2025-07-27 21:31:57,366 - httpx - INFO - HTTP Request: POST https://api.telegram.org/bot8064275622:AAFmN3I5IKDfNxmzkWpjcYKJkVhQGhQ4geI/getUpdates "HTTP/1.1 200 OK"
2025-07-27 21:32:07,525 - httpx - INFO - HTTP Request: POST https://api.telegram.org/bot8064275622:AAFmN3I5IKDfNxmzkWpjcYKJkVhQGhQ4geI/getUpdates "HTTP/1.1 200 OK"
2025-07-27 21:32:17,684 - httpx - INFO - HTTP Request: POST https://api.telegram.org/bot8064275622:AAFmN3I5IKDfNxmzkWpjcYKJkVhQGhQ4geI/getUpdates "HTTP/1.1 200 OK"
2025-07-27 21:32:27,844 - httpx - INFO - HTTP Request: POST https://api.telegram.org/bot8064275622:AAFmN3I5IKDfNxmzkWpjcYKJkVhQGhQ4geI/getUpdates "HTTP/1.1 200 OK"
2025-07-27 21:32:38,003 - httpx - INFO - HTTP Request: POST https://api.telegram.org/bot8064275622:AAFmN3I5IKDfNxmzkWpjcYKJkVhQGhQ4geI/getUpdates "HTTP/1.1 200 OK"
2025-07-27 21:32:48,163 - httpx - INFO - HTTP Request: POST https://api.telegram.org/bot8064275622:AAFmN3I5IKDfNxmzkWpjcYKJkVhQGhQ4geI/getUpdates "HTTP/1.1 200 OK"
2025-07-27 21:32:58,326 - httpx - INFO - HTTP Request: POST https://api.telegram.org/bot8064275622:AAFmN3I5IKDfNxmzkWpjcYKJkVhQGhQ4geI/getUpdates "HTTP/1.1 200 OK"
2025-07-27 21:33:08,484 - httpx - INFO - HTTP Request: POST https://api.telegram.org/bot8064275622:AAFmN3I5IKDfNxmzkWpjcYKJkVhQGhQ4geI/getUpdates "HTTP/1.1 200 OK"
2025-07-27 21:33:18,643 - httpx - INFO - HTTP Request: POST https://api.telegram.org/bot8064275622:AAFmN3I5IKDfNxmzkWpjcYKJkVhQGhQ4geI/getUpdates "HTTP/1.1 200 OK"
2025-07-27 21:33:28,802 - httpx - INFO - HTTP Request: POST https://api.telegram.org/bot8064275622:AAFmN3I5IKDfNxmzkWpjcYKJkVhQGhQ4geI/getUpdates "HTTP/1.1 200 OK"
2025-07-27 21:33:38,961 - httpx - INFO - HTTP Request: POST https://api.telegram.org/bot8064275622:AAFmN3I5IKDfNxmzkWpjcYKJkVhQGhQ4geI/getUpdates "HTTP/1.1 200 OK"
2025-07-27 21:33:49,120 - httpx - INFO - HTTP Request: POST https://api.telegram.org/bot8064275622:AAFmN3I5IKDfNxmzkWpjcYKJkVhQGhQ4geI/getUpdates "HTTP/1.1 200 OK"
2025-07-27 21:33:59,280 - httpx - INFO - HTTP Request: POST https://api.telegram.org/bot8064275622:AAFmN3I5IKDfNxmzkWpjcYKJkVhQGhQ4geI/getUpdates "HTTP/1.1 200 OK"
2025-07-27 21:34:09,444 - httpx - INFO - HTTP Request: POST https://api.telegram.org/bot8064275622:AAFmN3I5IKDfNxmzkWpjcYKJkVhQGhQ4geI/getUpdates "HTTP/1.1 200 OK"
2025-07-27 21:34:19,603 - httpx - INFO - HTTP Request: POST https://api.telegram.org/bot8064275622:AAFmN3I5IKDfNxmzkWpjcYKJkVhQGhQ4geI/getUpdates "HTTP/1.1 200 OK"
2025-07-27 21:34:29,762 - httpx - INFO - HTTP Request: POST https://api.telegram.org/bot8064275622:AAFmN3I5IKDfNxmzkWpjcYKJkVhQGhQ4geI/getUpdates "HTTP/1.1 200 OK"
2025-07-27 21:34:39,922 - httpx - INFO - HTTP Request: POST https://api.telegram.org/bot8064275622:AAFmN3I5IKDfNxmzkWpjcYKJkVhQGhQ4geI/getUpdates "HTTP/1.1 200 OK"
2025-07-27 21:34:50,081 - httpx - INFO - HTTP Request: POST https://api.telegram.org/bot8064275622:AAFmN3I5IKDfNxmzkWpjcYKJkVhQGhQ4geI/getUpdates "HTTP/1.1 200 OK"
2025-07-27 21:35:00,240 - httpx - INFO - HTTP Request: POST https://api.telegram.org/bot8064275622:AAFmN3I5IKDfNxmzkWpjcYKJkVhQGhQ4geI/getUpdates "HTTP/1.1 200 OK"
2025-07-27 21:35:10,398 - httpx - INFO - HTTP Request: POST https://api.telegram.org/bot8064275622:AAFmN3I5IKDfNxmzkWpjcYKJkVhQGhQ4geI/getUpdates "HTTP/1.1 200 OK"
2025-07-27 21:35:20,558 - httpx - INFO - HTTP Request: POST https://api.telegram.org/bot8064275622:AAFmN3I5IKDfNxmzkWpjcYKJkVhQGhQ4geI/getUpdates "HTTP/1.1 200 OK"
2025-07-27 21:35:30,718 - httpx - INFO - HTTP Request: POST https://api.telegram.org/bot8064275622:AAFmN3I5IKDfNxmzkWpjcYKJkVhQGhQ4geI/getUpdates "HTTP/1.1 200 OK"
2025-07-27 21:35:40,877 - httpx - INFO - HTTP Request: POST https://api.telegram.org/bot8064275622:AAFmN3I5IKDfNxmzkWpjcYKJkVhQGhQ4geI/getUpdates "HTTP/1.1 200 OK"
2025-07-27 21:35:51,037 - httpx - INFO - HTTP Request: POST https://api.telegram.org/bot8064275622:AAFmN3I5IKDfNxmzkWpjcYKJkVhQGhQ4geI/getUpdates "HTTP/1.1 200 OK"
2025-07-27 21:36:01,196 - httpx - INFO - HTTP Request: POST https://api.telegram.org/bot8064275622:AAFmN3I5IKDfNxmzkWpjcYKJkVhQGhQ4geI/getUpdates "HTTP/1.1 200 OK"
2025-07-27 21:36:11,356 - httpx - INFO - HTTP Request: POST https://api.telegram.org/bot8064275622:AAFmN3I5IKDfNxmzkWpjcYKJkVhQGhQ4geI/getUpdates "HTTP/1.1 200 OK"
2025-07-27 21:36:21,516 - httpx - INFO - HTTP Request: POST https://api.telegram.org/bot8064275622:AAFmN3I5IKDfNxmzkWpjcYKJkVhQGhQ4geI/getUpdates "HTTP/1.1 200 OK"
2025-07-27 21:36:31,675 - httpx - INFO - HTTP Request: POST https://api.telegram.org/bot8064275622:AAFmN3I5IKDfNxmzkWpjcYKJkVhQGhQ4geI/getUpdates "HTTP/1.1 200 OK"
2025-07-27 21:36:41,834 - httpx - INFO - HTTP Request: POST https://api.telegram.org/bot8064275622:AAFmN3I5IKDfNxmzkWpjcYKJkVhQGhQ4geI/getUpdates "HTTP/1.1 200 OK"
2025-07-27 21:36:51,994 - httpx - INFO - HTTP Request: POST https://api.telegram.org/bot8064275622:AAFmN3I5IKDfNxmzkWpjcYKJkVhQGhQ4geI/getUpdates "HTTP/1.1 200 OK"
2025-07-27 21:37:02,153 - httpx - INFO - HTTP Request: POST https://api.telegram.org/bot8064275622:AAFmN3I5IKDfNxmzkWpjcYKJkVhQGhQ4geI/getUpdates "HTTP/1.1 200 OK"
2025-07-27 21:37:12,312 - httpx - INFO - HTTP Request: POST https://api.telegram.org/bot8064275622:AAFmN3I5IKDfNxmzkWpjcYKJkVhQGhQ4geI/getUpdates "HTTP/1.1 200 OK"
2025-07-27 21:37:22,470 - httpx - INFO - HTTP Request: POST https://api.telegram.org/bot8064275622:AAFmN3I5IKDfNxmzkWpjcYKJkVhQGhQ4geI/getUpdates "HTTP/1.1 200 OK"
2025-07-27 21:37:32,629 - httpx - INFO - HTTP Request: POST https://api.telegram.org/bot8064275622:AAFmN3I5IKDfNxmzkWpjcYKJkVhQGhQ4geI/getUpdates "HTTP/1.1 200 OK"
2025-07-27 21:37:42,789 - httpx - INFO - HTTP Request: POST https://api.telegram.org/bot8064275622:AAFmN3I5IKDfNxmzkWpjcYKJkVhQGhQ4geI/getUpdates "HTTP/1.1 200 OK"
2025-07-27 21:37:48,913 - httpx - INFO - HTTP Request: POST https://api.telegram.org/bot8064275622:AAFmN3I5IKDfNxmzkWpjcYKJkVhQGhQ4geI/getUpdates "HTTP/1.1 200 OK"
2025-07-27 21:37:49,426 - httpx - INFO - HTTP Request: POST https://api.telegram.org/bot8064275622:AAFmN3I5IKDfNxmzkWpjcYKJkVhQGhQ4geI/sendMessage "HTTP/1.1 200 OK"
2025-07-27 21:37:59,076 - httpx - INFO - HTTP Request: POST https://api.telegram.org/bot8064275622:AAFmN3I5IKDfNxmzkWpjcYKJkVhQGhQ4geI/getUpdates "HTTP/1.1 200 OK"
2025-07-27 21:38:09,237 - httpx - INFO - HTTP Request: POST https://api.telegram.org/bot8064275622:AAFmN3I5IKDfNxmzkWpjcYKJkVhQGhQ4geI/getUpdates "HTTP/1.1 200 OK"
2025-07-27 21:38:11,661 - httpx - INFO - HTTP Request: POST https://api.telegram.org/bot8064275622:AAFmN3I5IKDfNxmzkWpjcYKJkVhQGhQ4geI/getUpdates "HTTP/1.1 200 OK"
2025-07-27 21:38:12,164 - httpx - INFO - HTTP Request: POST https://api.telegram.org/bot8064275622:AAFmN3I5IKDfNxmzkWpjcYKJkVhQGhQ4geI/sendMessage "HTTP/1.1 200 OK"
2025-07-27 21:38:18,095 - httpx - INFO - HTTP Request: POST https://api.telegram.org/bot8064275622:AAFmN3I5IKDfNxmzkWpjcYKJkVhQGhQ4geI/getUpdates "HTTP/1.1 200 OK"
2025-07-27 21:38:18,624 - httpx - INFO - HTTP Request: POST https://api.telegram.org/bot8064275622:AAFmN3I5IKDfNxmzkWpjcYKJkVhQGhQ4geI/sendMessage "HTTP/1.1 200 OK"
2025-07-27 21:38:28,258 - httpx - INFO - HTTP Request: POST https://api.telegram.org/bot8064275622:AAFmN3I5IKDfNxmzkWpjcYKJkVhQGhQ4geI/getUpdates "HTTP/1.1 200 OK"
2025-07-27 21:38:38,419 - httpx - INFO - HTTP Request: POST https://api.telegram.org/bot8064275622:AAFmN3I5IKDfNxmzkWpjcYKJkVhQGhQ4geI/getUpdates "HTTP/1.1 200 OK"
2025-07-27 21:38:39,057 - httpx - INFO - HTTP Request: POST https://api.telegram.org/bot8064275622:AAFmN3I5IKDfNxmzkWpjcYKJkVhQGhQ4geI/getUpdates "HTTP/1.1 200 OK"
2025-07-27 21:38:39,577 - httpx - INFO - HTTP Request: POST https://api.telegram.org/bot8064275622:AAFmN3I5IKDfNxmzkWpjcYKJkVhQGhQ4geI/sendMessage "HTTP/1.1 200 OK"
2025-07-27 21:38:49,222 - httpx - INFO - HTTP Request: POST https://api.telegram.org/bot8064275622:AAFmN3I5IKDfNxmzkWpjcYKJkVhQGhQ4geI/getUpdates "HTTP/1.1 200 OK"
2025-07-27 21:38:59,384 - httpx - INFO - HTTP Request: POST https://api.telegram.org/bot8064275622:AAFmN3I5IKDfNxmzkWpjcYKJkVhQGhQ4geI/getUpdates "HTTP/1.1 200 OK"
2025-07-27 21:39:09,546 - httpx - INFO - HTTP Request: POST https://api.telegram.org/bot8064275622:AAFmN3I5IKDfNxmzkWpjcYKJkVhQGhQ4geI/getUpdates "HTTP/1.1 200 OK"
2025-07-27 21:39:19,708 - httpx - INFO - HTTP Request: POST https://api.telegram.org/bot8064275622:AAFmN3I5IKDfNxmzkWpjcYKJkVhQGhQ4geI/getUpdates "HTTP/1.1 200 OK"
2025-07-27 21:39:29,870 - httpx - INFO - HTTP Request: POST https://api.telegram.org/bot8064275622:AAFmN3I5IKDfNxmzkWpjcYKJkVhQGhQ4geI/getUpdates "HTTP/1.1 200 OK"
2025-07-27 21:39:40,031 - httpx - INFO - HTTP Request: POST https://api.telegram.org/bot8064275622:AAFmN3I5IKDfNxmzkWpjcYKJkVhQGhQ4geI/getUpdates "HTTP/1.1 200 OK"
2025-07-27 21:39:50,192 - httpx - INFO - HTTP Request: POST https://api.telegram.org/bot8064275622:AAFmN3I5IKDfNxmzkWpjcYKJkVhQGhQ4geI/getUpdates "HTTP/1.1 200 OK"
2025-07-27 21:40:00,353 - httpx - INFO - HTTP Request: POST https://api.telegram.org/bot8064275622:AAFmN3I5IKDfNxmzkWpjcYKJkVhQGhQ4geI/getUpdates "HTTP/1.1 200 OK"
2025-07-27 21:40:10,514 - httpx - INFO - HTTP Request: POST https://api.telegram.org/bot8064275622:AAFmN3I5IKDfNxmzkWpjcYKJkVhQGhQ4geI/getUpdates "HTTP/1.1 200 OK"
2025-07-27 21:40:13,763 - httpx - INFO - HTTP Request: POST https://api.telegram.org/bot8064275622:AAFmN3I5IKDfNxmzkWpjcYKJkVhQGhQ4geI/getUpdates "HTTP/1.1 200 OK"
2025-07-27 21:40:13,764 - telegram.ext.Application - INFO - Application is stopping. This might take a moment.
2025-07-27 21:40:13,764 - telegram.ext.Application - INFO - Application.stop() complete
2025-07-27 21:41:15,380 - __main__ - INFO - 🚀 SK English Bot is starting...
2025-07-27 21:41:15,380 - __main__ - INFO - 📚 Translation and Grammar Checker ready!
2025-07-27 21:41:15,871 - httpx - INFO - HTTP Request: POST https://api.telegram.org/bot8064275622:AAFmN3I5IKDfNxmzkWpjcYKJkVhQGhQ4geI/getMe "HTTP/1.1 200 OK"
2025-07-27 21:41:16,029 - httpx - INFO - HTTP Request: POST https://api.telegram.org/bot8064275622:AAFmN3I5IKDfNxmzkWpjcYKJkVhQGhQ4geI/deleteWebhook "HTTP/1.1 200 OK"
2025-07-27 21:41:16,029 - telegram.ext.Application - INFO - Application started
2025-07-27 21:41:16,510 - httpx - INFO - HTTP Request: POST https://api.telegram.org/bot8064275622:AAFmN3I5IKDfNxmzkWpjcYKJkVhQGhQ4geI/getUpdates "HTTP/1.1 200 OK"
2025-07-27 21:41:16,738 - httpx - INFO - HTTP Request: POST https://api.telegram.org/bot8064275622:AAFmN3I5IKDfNxmzkWpjcYKJkVhQGhQ4geI/sendMessage "HTTP/1.1 200 OK"
2025-07-27 21:41:26,672 - httpx - INFO - HTTP Request: POST https://api.telegram.org/bot8064275622:AAFmN3I5IKDfNxmzkWpjcYKJkVhQGhQ4geI/getUpdates "HTTP/1.1 200 OK"
2025-07-27 21:41:36,832 - httpx - INFO - HTTP Request: POST https://api.telegram.org/bot8064275622:AAFmN3I5IKDfNxmzkWpjcYKJkVhQGhQ4geI/getUpdates "HTTP/1.1 200 OK"
2025-07-27 21:41:46,991 - httpx - INFO - HTTP Request: POST https://api.telegram.org/bot8064275622:AAFmN3I5IKDfNxmzkWpjcYKJkVhQGhQ4geI/getUpdates "HTTP/1.1 200 OK"
2025-07-27 21:41:57,152 - httpx - INFO - HTTP Request: POST https://api.telegram.org/bot8064275622:AAFmN3I5IKDfNxmzkWpjcYKJkVhQGhQ4geI/getUpdates "HTTP/1.1 200 OK"
2025-07-27 21:42:07,312 - httpx - INFO - HTTP Request: POST https://api.telegram.org/bot8064275622:AAFmN3I5IKDfNxmzkWpjcYKJkVhQGhQ4geI/getUpdates "HTTP/1.1 200 OK"
2025-07-27 21:42:12,021 - httpx - INFO - HTTP Request: POST https://api.telegram.org/bot8064275622:AAFmN3I5IKDfNxmzkWpjcYKJkVhQGhQ4geI/getUpdates "HTTP/1.1 200 OK"
2025-07-27 21:42:12,022 - telegram.ext.Application - INFO - Application is stopping. This might take a moment.
2025-07-27 21:42:12,023 - telegram.ext.Application - INFO - Application.stop() complete
2025-07-27 21:42:15,733 - __main__ - INFO - 🚀 SK English Bot is starting...
2025-07-27 21:42:15,734 - __main__ - INFO - 📚 Translation and Grammar Checker ready!
2025-07-27 21:42:16,223 - httpx - INFO - HTTP Request: POST https://api.telegram.org/bot8064275622:AAFmN3I5IKDfNxmzkWpjcYKJkVhQGhQ4geI/getMe "HTTP/1.1 200 OK"
2025-07-27 21:42:16,381 - httpx - INFO - HTTP Request: POST https://api.telegram.org/bot8064275622:AAFmN3I5IKDfNxmzkWpjcYKJkVhQGhQ4geI/deleteWebhook "HTTP/1.1 200 OK"
2025-07-27 21:42:16,382 - telegram.ext.Application - INFO - Application started
2025-07-27 21:42:26,871 - httpx - INFO - HTTP Request: POST https://api.telegram.org/bot8064275622:AAFmN3I5IKDfNxmzkWpjcYKJkVhQGhQ4geI/getUpdates "HTTP/1.1 200 OK"
2025-07-27 21:42:32,236 - httpx - INFO - HTTP Request: POST https://api.telegram.org/bot8064275622:AAFmN3I5IKDfNxmzkWpjcYKJkVhQGhQ4geI/getUpdates "HTTP/1.1 200 OK"
2025-07-27 21:42:32,729 - httpx - INFO - HTTP Request: POST https://api.telegram.org/bot8064275622:AAFmN3I5IKDfNxmzkWpjcYKJkVhQGhQ4geI/answerCallbackQuery "HTTP/1.1 200 OK"
2025-07-27 21:42:32,901 - httpx - INFO - HTTP Request: POST https://api.telegram.org/bot8064275622:AAFmN3I5IKDfNxmzkWpjcYKJkVhQGhQ4geI/editMessageText "HTTP/1.1 200 OK"
2025-07-27 21:42:42,401 - httpx - INFO - HTTP Request: POST https://api.telegram.org/bot8064275622:AAFmN3I5IKDfNxmzkWpjcYKJkVhQGhQ4geI/getUpdates "HTTP/1.1 200 OK"
2025-07-27 21:42:42,562 - httpx - INFO - HTTP Request: POST https://api.telegram.org/bot8064275622:AAFmN3I5IKDfNxmzkWpjcYKJkVhQGhQ4geI/getUpdates "HTTP/1.1 200 OK"
2025-07-27 21:42:43,077 - httpx - INFO - HTTP Request: POST https://api.telegram.org/bot8064275622:AAFmN3I5IKDfNxmzkWpjcYKJkVhQGhQ4geI/sendMessage "HTTP/1.1 200 OK"
2025-07-27 21:42:44,783 - httpx - INFO - HTTP Request: POST https://api.telegram.org/bot8064275622:AAFmN3I5IKDfNxmzkWpjcYKJkVhQGhQ4geI/getUpdates "HTTP/1.1 200 OK"
2025-07-27 21:42:44,948 - httpx - INFO - HTTP Request: POST https://api.telegram.org/bot8064275622:AAFmN3I5IKDfNxmzkWpjcYKJkVhQGhQ4geI/answerCallbackQuery "HTTP/1.1 200 OK"
2025-07-27 21:42:45,118 - httpx - INFO - HTTP Request: POST https://api.telegram.org/bot8064275622:AAFmN3I5IKDfNxmzkWpjcYKJkVhQGhQ4geI/editMessageText "HTTP/1.1 200 OK"
2025-07-27 21:42:45,301 - httpx - INFO - HTTP Request: POST https://api.telegram.org/bot8064275622:AAFmN3I5IKDfNxmzkWpjcYKJkVhQGhQ4geI/editMessageText "HTTP/1.1 200 OK"
2025-07-27 21:42:54,945 - httpx - INFO - HTTP Request: POST https://api.telegram.org/bot8064275622:AAFmN3I5IKDfNxmzkWpjcYKJkVhQGhQ4geI/getUpdates "HTTP/1.1 200 OK"
2025-07-27 21:43:05,107 - httpx - INFO - HTTP Request: POST https://api.telegram.org/bot8064275622:AAFmN3I5IKDfNxmzkWpjcYKJkVhQGhQ4geI/getUpdates "HTTP/1.1 200 OK"
